start=0,type='long',lineno=1,col=0,text='long'
start=5,type='Ident',lineno=1,col=5,text='raw_syscall'
start=16,type='(',lineno=1,col=16,text='('
start=17,type='long',lineno=1,col=17,text='long'
start=22,type='Ident',lineno=1,col=22,text='sysno'
start=27,type=',',lineno=1,col=27,text=','
start=29,type='long',lineno=1,col=29,text='long'
start=34,type='Ident',lineno=1,col=34,text='a0'
start=36,type=',',lineno=1,col=36,text=','
start=38,type='long',lineno=1,col=38,text='long'
start=43,type='Ident',lineno=1,col=43,text='a1'
start=45,type=',',lineno=1,col=45,text=','
start=47,type='long',lineno=1,col=47,text='long'
start=52,type='Ident',lineno=1,col=52,text='a2'
start=54,type=',',lineno=1,col=54,text=','
start=56,type='long',lineno=1,col=56,text='long'
start=61,type='Ident',lineno=1,col=61,text='a3'
start=63,type=',',lineno=1,col=63,text=','
start=65,type='long',lineno=1,col=65,text='long'
start=70,type='Ident',lineno=1,col=70,text='a4'
start=72,type=',',lineno=1,col=72,text=','
start=91,type='long',lineno=2,col=17,text='long'
start=96,type='Ident',lineno=2,col=22,text='a5'
start=98,type=')',lineno=2,col=24,text=')'
start=99,type=';',lineno=2,col=25,text=';'
start=142,type='__asm__',lineno=6,col=0,text='__asm'
start=147,type='(',lineno=6,col=5,text='('
start=153,type='StringLit',lineno=7,col=4,text='".section .text\n"'
start=176,type='StringLit',lineno=8,col=4,text='"raw_syscall:\n"'
start=197,type='StringLit',lineno=9,col=4,text='"mov    %rdi,%rax\n"'
start=222,type='StringLit',lineno=10,col=4,text='"mov    %r8,%r10\n"'
start=246,type='StringLit',lineno=11,col=4,text='"mov    %rsi,%rdi\n"'
start=271,type='StringLit',lineno=12,col=4,text='"mov    %r9,%r8\n"'
start=294,type='StringLit',lineno=13,col=4,text='"mov    %rdx,%rsi\n"'
start=319,type='StringLit',lineno=14,col=4,text='"mov    0x8(%rsp),%r9\n"'
start=348,type='StringLit',lineno=15,col=4,text='"mov    %rcx,%rdx\n"'
start=373,type='StringLit',lineno=16,col=4,text='"syscall\n"'
start=389,type='StringLit',lineno=17,col=4,text='"ret\n"'
start=401,type='StringLit',lineno=18,col=4,text='"xchg   %ax,%ax\n"'
start=419,type=')',lineno=18,col=22,text=')'
start=420,type=';',lineno=18,col=23,text=';'
