start=0,type='int',lineno=1,col=0,text='int'
start=4,type='Ident',lineno=1,col=4,text='main'
start=8,type='(',lineno=1,col=8,text='('
start=9,type=')',lineno=1,col=9,text=')'
start=11,type='{',lineno=1,col=11,text='{'
start=64,type='return',lineno=6,col=1,text='return'
start=71,type='NumberLit',lineno=6,col=8,text='3'
start=72,type=';',lineno=6,col=9,text=';'
start=74,type='}',lineno=7,col=0,text='}'
