start=0,type='void',lineno=1,col=0,text='void'
start=5,type='*',lineno=1,col=5,text='*'
start=6,type='Ident',lineno=1,col=6,text='memset'
start=12,type='(',lineno=1,col=12,text='('
start=13,type='void',lineno=1,col=13,text='void'
start=18,type='*',lineno=1,col=18,text='*'
start=19,type='Ident',lineno=1,col=19,text='ptr'
start=22,type=',',lineno=1,col=22,text=','
start=24,type='int',lineno=1,col=24,text='int'
start=28,type='Ident',lineno=1,col=28,text='value'
start=33,type=',',lineno=1,col=33,text=','
start=35,type='unsigned',lineno=1,col=35,text='unsigned'
start=44,type='long',lineno=1,col=44,text='long'
start=49,type='Ident',lineno=1,col=49,text='len'
start=52,type=')',lineno=1,col=52,text=')'
start=54,type='{',lineno=1,col=54,text='{'
start=64,type='unsigned',lineno=2,col=8,text='unsigned'
start=73,type='long',lineno=2,col=17,text='long'
start=78,type='Ident',lineno=2,col=22,text='i'
start=79,type=';',lineno=2,col=23,text=';'
start=89,type='Ident',lineno=3,col=8,text='i'
start=91,type='=',lineno=3,col=10,text='='
start=93,type='NumberLit',lineno=3,col=12,text='0'
start=94,type=';',lineno=3,col=13,text=';'
start=96,type='Ident',lineno=4,col=0,text='begin'
start=101,type=':',lineno=4,col=5,text=':'
start=111,type='if',lineno=5,col=8,text='if'
start=114,type='(',lineno=5,col=11,text='('
start=115,type='Ident',lineno=5,col=12,text='i'
start=117,type='>=',lineno=5,col=14,text='>='
start=120,type='Ident',lineno=5,col=17,text='len'
start=123,type=')',lineno=5,col=20,text=')'
start=125,type='return',lineno=5,col=22,text='return'
start=132,type='Ident',lineno=5,col=29,text='ptr'
start=135,type=';',lineno=5,col=32,text=';'
start=145,type='(',lineno=6,col=8,text='('
start=146,type='(',lineno=6,col=9,text='('
start=147,type='char',lineno=6,col=10,text='char'
start=152,type='*',lineno=6,col=15,text='*'
start=153,type=')',lineno=6,col=16,text=')'
start=154,type='Ident',lineno=6,col=17,text='ptr'
start=157,type=')',lineno=6,col=20,text=')'
start=158,type='[',lineno=6,col=21,text='['
start=159,type='Ident',lineno=6,col=22,text='i'
start=160,type='++',lineno=6,col=23,text='++'
start=162,type=']',lineno=6,col=25,text=']'
start=164,type='=',lineno=6,col=27,text='='
start=166,type='(',lineno=6,col=29,text='('
start=167,type='unsigned',lineno=6,col=30,text='unsigned'
start=176,type='char',lineno=6,col=39,text='char'
start=180,type=')',lineno=6,col=43,text=')'
start=181,type='Ident',lineno=6,col=44,text='value'
start=186,type=';',lineno=6,col=49,text=';'
start=196,type='goto',lineno=7,col=8,text='goto'
start=201,type='Ident',lineno=7,col=13,text='begin'
start=206,type=';',lineno=7,col=18,text=';'
start=208,type='}',lineno=8,col=0,text='}'
start=211,type='void',lineno=10,col=0,text='void'
start=216,type='*',lineno=10,col=5,text='*'
start=217,type='Ident',lineno=10,col=6,text='memcpy'
start=223,type='(',lineno=10,col=12,text='('
start=224,type='void',lineno=10,col=13,text='void'
start=229,type='*',lineno=10,col=18,text='*'
start=230,type='Ident',lineno=10,col=19,text='dest'
start=234,type=',',lineno=10,col=23,text=','
start=236,type='void',lineno=10,col=25,text='void'
start=241,type='*',lineno=10,col=30,text='*'
start=242,type='Ident',lineno=10,col=31,text='src'
start=245,type=',',lineno=10,col=34,text=','
start=247,type='unsigned',lineno=10,col=36,text='unsigned'
start=256,type='long',lineno=10,col=45,text='long'
start=261,type='Ident',lineno=10,col=50,text='n'
start=262,type=')',lineno=10,col=51,text=')'
start=264,type='{',lineno=10,col=53,text='{'
start=274,type='char',lineno=11,col=8,text='char'
start=279,type='*',lineno=11,col=13,text='*'
start=280,type='Ident',lineno=11,col=14,text='d'
start=282,type='=',lineno=11,col=16,text='='
start=284,type='(',lineno=11,col=18,text='('
start=285,type='char',lineno=11,col=19,text='char'
start=290,type='*',lineno=11,col=24,text='*'
start=291,type=')',lineno=11,col=25,text=')'
start=292,type='Ident',lineno=11,col=26,text='dest'
start=296,type=';',lineno=11,col=30,text=';'
start=306,type='char',lineno=12,col=8,text='char'
start=311,type='*',lineno=12,col=13,text='*'
start=312,type='Ident',lineno=12,col=14,text='s'
start=314,type='=',lineno=12,col=16,text='='
start=316,type='(',lineno=12,col=18,text='('
start=317,type='void',lineno=12,col=19,text='void'
start=322,type='*',lineno=12,col=24,text='*'
start=323,type=')',lineno=12,col=25,text=')'
start=324,type='Ident',lineno=12,col=26,text='src'
start=327,type=';',lineno=12,col=29,text=';'
start=329,type='Ident',lineno=13,col=0,text='begin'
start=334,type=':',lineno=13,col=5,text=':'
start=344,type='if',lineno=14,col=8,text='if'
start=347,type='(',lineno=14,col=11,text='('
start=348,type='Ident',lineno=14,col=12,text='n'
start=349,type='-',lineno=14,col=13,text='-'
start=350,type='-',lineno=14,col=14,text='-'
start=351,type=')',lineno=14,col=15,text=')'
start=353,type='goto',lineno=14,col=17,text='goto'
start=358,type='Ident',lineno=14,col=22,text='end'
start=361,type=';',lineno=14,col=25,text=';'
start=371,type='*',lineno=15,col=8,text='*'
start=372,type='Ident',lineno=15,col=9,text='d'
start=373,type='++',lineno=15,col=10,text='++'
start=376,type='=',lineno=15,col=13,text='='
start=378,type='*',lineno=15,col=15,text='*'
start=379,type='Ident',lineno=15,col=16,text='s'
start=380,type='++',lineno=15,col=17,text='++'
start=382,type=';',lineno=15,col=19,text=';'
start=392,type='goto',lineno=16,col=8,text='goto'
start=397,type='Ident',lineno=16,col=13,text='begin'
start=402,type=';',lineno=16,col=18,text=';'
start=404,type='Ident',lineno=17,col=0,text='end'
start=407,type=':',lineno=17,col=3,text=':'
start=417,type='return',lineno=18,col=8,text='return'
start=424,type='Ident',lineno=18,col=15,text='dest'
start=428,type=';',lineno=18,col=19,text=';'
start=430,type='}',lineno=19,col=0,text='}'
