start=0,type='void',lineno=1,col=0,text='void'
start=5,type='Ident',lineno=1,col=5,text='x'
start=6,type='(',lineno=1,col=6,text='('
start=7,type='void',lineno=1,col=7,text='void'
start=11,type=')',lineno=1,col=11,text=')'
start=13,type='{',lineno=1,col=13,text='{'
start=15,type='}',lineno=2,col=0,text='}'
start=18,type='int',lineno=4,col=0,text='int'
start=22,type='Ident',lineno=4,col=4,text='main'
start=26,type='(',lineno=4,col=8,text='('
start=27,type='int',lineno=4,col=9,text='int'
start=31,type='Ident',lineno=4,col=13,text='x'
start=32,type=')',lineno=4,col=14,text=')'
start=34,type='{',lineno=4,col=16,text='{'
start=37,type='Ident',lineno=5,col=1,text='x'
start=38,type='(',lineno=5,col=2,text='('
start=39,type=')',lineno=5,col=3,text=')'
start=40,type=';',lineno=5,col=4,text=';'
start=43,type='return',lineno=6,col=1,text='return'
start=50,type='NumberLit',lineno=6,col=8,text='4'
start=51,type=';',lineno=6,col=9,text=';'
start=53,type='}',lineno=7,col=0,text='}'
